
  .   ____          _            __ _ _
 /\\ / ___'_ __ _ _(_)_ __  __ _ \ \ \ \
( ( )\___ | '_ | '_| | '_ \/ _` | \ \ \ \
 \\/  ___)| |_)| | | | | || (_| |  ) ) ) )
  '  |____| .__|_| |_|_| |_\__, | / / / /
 =========|_|==============|___/=/_/_/_/

 :: Spring Boot ::               (v3.5.11)

2026-03-05T18:15:14.209+05:30  INFO 10560 --- [formbuilder] [           main] c.s.formbuilder.FormbuilderApplication   : Starting FormbuilderApplication v0.0.1-SNAPSHOT using Java 21.0.10 with PID 10560 (C:\Users\bharg\Desktop\Formbuilder full app\formbuilder v2\target\formbuilder-0.0.1-SNAPSHOT.jar started by bharg in C:\Users\bharg\Desktop\Formbuilder full app\formbuilder v2)
2026-03-05T18:15:14.211+05:30  INFO 10560 --- [formbuilder] [           main] c.s.formbuilder.FormbuilderApplication   : No active profile set, falling back to 1 default profile: "default"
2026-03-05T18:15:15.216+05:30  INFO 10560 --- [formbuilder] [           main] .s.d.r.c.RepositoryConfigurationDelegate : Bootstrapping Spring Data JPA repositories in DEFAULT mode.
2026-03-05T18:15:15.308+05:30  INFO 10560 --- [formbuilder] [           main] .s.d.r.c.RepositoryConfigurationDelegate : Finished Spring Data repository scanning in 74 ms. Found 5 JPA repository interfaces.
2026-03-05T18:15:15.993+05:30  INFO 10560 --- [formbuilder] [           main] o.s.b.w.embedded.tomcat.TomcatWebServer  : Tomcat initialized with port 8080 (http)
2026-03-05T18:15:16.006+05:30  INFO 10560 --- [formbuilder] [           main] o.apache.catalina.core.StandardService   : Starting service [Tomcat]
2026-03-05T18:15:16.006+05:30  INFO 10560 --- [formbuilder] [           main] o.apache.catalina.core.StandardEngine    : Starting Servlet engine: [Apache Tomcat/10.1.52]
2026-03-05T18:15:16.050+05:30  INFO 10560 --- [formbuilder] [           main] o.a.c.c.C.[Tomcat].[localhost].[/]       : Initializing Spring embedded WebApplicationContext
2026-03-05T18:15:16.052+05:30  INFO 10560 --- [formbuilder] [           main] w.s.c.ServletWebServerApplicationContext : Root WebApplicationContext: initialization completed in 1788 ms
2026-03-05T18:15:16.199+05:30  INFO 10560 --- [formbuilder] [           main] o.hibernate.jpa.internal.util.LogHelper  : HHH000204: Processing PersistenceUnitInfo [name: default]
2026-03-05T18:15:16.284+05:30  INFO 10560 --- [formbuilder] [           main] org.hibernate.Version                    : HHH000412: Hibernate ORM core version 6.6.42.Final
2026-03-05T18:15:16.330+05:30  INFO 10560 --- [formbuilder] [           main] o.h.c.internal.RegionFactoryInitiator    : HHH000026: Second-level cache disabled
2026-03-05T18:15:16.669+05:30  INFO 10560 --- [formbuilder] [           main] o.s.o.j.p.SpringPersistenceUnitInfo      : No LoadTimeWeaver setup: ignoring JPA class transformer
2026-03-05T18:15:16.703+05:30  INFO 10560 --- [formbuilder] [           main] com.zaxxer.hikari.HikariDataSource       : HikariPool-1 - Starting...
2026-03-05T18:15:17.225+05:30  INFO 10560 --- [formbuilder] [           main] com.zaxxer.hikari.pool.HikariPool        : HikariPool-1 - Added connection org.postgresql.jdbc.PgConnection@54daf8f9
2026-03-05T18:15:17.229+05:30  INFO 10560 --- [formbuilder] [           main] com.zaxxer.hikari.HikariDataSource       : HikariPool-1 - Start completed.
2026-03-05T18:15:17.305+05:30  INFO 10560 --- [formbuilder] [           main] org.hibernate.orm.connections.pooling    : HHH10001005: Database info:
	Database JDBC URL [Connecting through datasource 'HikariDataSource (HikariPool-1)']
	Database driver: undefined/unknown
	Database version: 18.1
	Autocommit mode: undefined/unknown
	Isolation level: undefined/unknown
	Minimum pool size: undefined/unknown
	Maximum pool size: undefined/unknown
2026-03-05T18:15:18.329+05:30  INFO 10560 --- [formbuilder] [           main] o.h.e.t.j.p.i.JtaPlatformInitiator       : HHH000489: No JTA platform available (set 'hibernate.transaction.jta.platform' to enable JTA platform integration)
Hibernate: 
    set client_min_messages = WARNING
Hibernate: 
    alter table if exists form_fields 
       drop constraint if exists FKdn5sn9i87l6n5rfq8mochqbxb
Hibernate: 
    alter table if exists form_rules 
       drop constraint if exists FKiqk65w0wwada1p5tcyx99l3s4
Hibernate: 
    alter table if exists form_versions 
       drop constraint if exists FK9abqq5r7m9g02e2qjlf2dt5w
Hibernate: 
    alter table if exists form_versions 
       drop constraint if exists FKjsugk8f29jo2k0sw4fpflwyc2
Hibernate: 
    alter table if exists forms 
       drop constraint if exists FKsc7q5t84q1028etk8brd2goga
Hibernate: 
    drop table if exists form_fields cascade
Hibernate: 
    drop table if exists form_rules cascade
Hibernate: 
    drop table if exists form_versions cascade
Hibernate: 
    drop table if exists forms cascade
Hibernate: 
    drop table if exists users cascade
Hibernate: 
    create table form_fields (
        allow_special_chars boolean,
        field_order integer not null,
        max_length integer,
        max_value integer,
        min_length integer,
        min_value integer,
        remove_extra_spaces boolean,
        required boolean not null,
        trim_whitespace boolean,
        created_at timestamp(6),
        id uuid not null,
        version_id uuid not null,
        char_type varchar(20),
        max_value_str varchar(50),
        min_value_str varchar(50),
        data_source_column varchar(100),
        data_source_table varchar(100),
        allowed_file_types varchar(500),
        custom_regex varchar(500),
        help_text varchar(500),
        field_key varchar(255) not null,
        field_label varchar(255) not null,
        field_type varchar(255) not null,
        max_label varchar(255),
        min_label varchar(255),
        options TEXT,
        primary key (id)
    )
Hibernate: 
    create table form_rules (
        enabled boolean not null,
        priority integer not null,
        created_at timestamp(6),
        updated_at timestamp(6),
        created_by uuid,
        form_id uuid not null,
        id uuid not null,
        action_type varchar(30) not null,
        condition_operator varchar(30),
        action_field varchar(100),
        condition_field varchar(100),
        rule_name varchar(200) not null,
        action_value varchar(500),
        condition_value varchar(500),
        description varchar(500),
        primary key (id)
    )
Hibernate: 
    create table form_versions (
        version_number integer not null,
        created_at timestamp(6) not null,
        published_at timestamp(6),
        created_by uuid,
        form_id uuid not null,
        id uuid not null,
        status varchar(255) not null,
        table_name varchar(255) unique,
        primary key (id),
        unique (form_id, version_number)
    )
Hibernate: 
    create table forms (
        created_at timestamp(6),
        updated_at timestamp(6),
        created_by uuid,
        id uuid not null,
        name varchar(150) not null,
        description varchar(255),
        primary key (id)
    )
Hibernate: 
    create table users (
        created_date timestamp(6),
        id uuid not null,
        email varchar(255) not null unique,
        name varchar(255) not null,
        password varchar(255) not null,
        role varchar(255) not null check (role in ('USER','ADMIN')),
        primary key (id)
    )
Hibernate: 
    alter table if exists form_fields 
       add constraint FKdn5sn9i87l6n5rfq8mochqbxb 
       foreign key (version_id) 
       references form_versions
Hibernate: 
    alter table if exists form_rules 
       add constraint FKiqk65w0wwada1p5tcyx99l3s4 
       foreign key (created_by) 
       references users
Hibernate: 
    alter table if exists form_versions 
       add constraint FK9abqq5r7m9g02e2qjlf2dt5w 
       foreign key (created_by) 
       references users
Hibernate: 
    alter table if exists form_versions 
       add constraint FKjsugk8f29jo2k0sw4fpflwyc2 
       foreign key (form_id) 
       references forms
Hibernate: 
    alter table if exists forms 
       add constraint FKsc7q5t84q1028etk8brd2goga 
       foreign key (created_by) 
       references users
2026-03-05T18:15:18.743+05:30  INFO 10560 --- [formbuilder] [           main] j.LocalContainerEntityManagerFactoryBean : Initialized JPA EntityManagerFactory for persistence unit 'default'
2026-03-05T18:15:19.431+05:30  INFO 10560 --- [formbuilder] [           main] eAuthenticationProviderManagerConfigurer : Global AuthenticationManager configured with AuthenticationProvider bean with name authenticationProvider
2026-03-05T18:15:19.433+05:30  WARN 10560 --- [formbuilder] [           main] r$InitializeUserDetailsManagerConfigurer : Global AuthenticationManager configured with an AuthenticationProvider bean. UserDetailsService beans will not be used by Spring Security for automatically configuring username/password login. Consider removing the AuthenticationProvider bean. Alternatively, consider using the UserDetailsService in a manually instantiated DaoAuthenticationProvider. If the current configuration is intentional, to turn off this warning, increase the logging level of 'org.springframework.security.config.annotation.authentication.configuration.InitializeUserDetailsBeanManagerConfigurer' to ERROR
2026-03-05T18:15:19.653+05:30  WARN 10560 --- [formbuilder] [           main] o.d.c.kie.builder.impl.KieBuilderImpl    : File 'rules/form_rules.drl' is in folder 'rules' but declares package 'com.sttl.formbuilder.rules'. It is advised to have a correspondance between package and folder names.
2026-03-05T18:15:20.208+05:30  WARN 10560 --- [formbuilder] [           main] JpaBaseConfiguration$JpaWebConfiguration : spring.jpa.open-in-view is enabled by default. Therefore, database queries may be performed during view rendering. Explicitly configure spring.jpa.open-in-view to disable this warning
2026-03-05T18:15:20.929+05:30  WARN 10560 --- [formbuilder] [           main] ConfigServletWebServerApplicationContext : Exception encountered during context initialization - cancelling refresh attempt: org.springframework.context.ApplicationContextException: Failed to start bean 'webServerStartStop'
2026-03-05T18:15:20.929+05:30  INFO 10560 --- [formbuilder] [           main] j.LocalContainerEntityManagerFactoryBean : Closing JPA EntityManagerFactory for persistence unit 'default'
2026-03-05T18:15:20.929+05:30  INFO 10560 --- [formbuilder] [           main] com.zaxxer.hikari.HikariDataSource       : HikariPool-1 - Shutdown initiated...
2026-03-05T18:15:20.939+05:30  INFO 10560 --- [formbuilder] [           main] com.zaxxer.hikari.HikariDataSource       : HikariPool-1 - Shutdown completed.
2026-03-05T18:15:20.956+05:30  INFO 10560 --- [formbuilder] [           main] .s.b.a.l.ConditionEvaluationReportLogger : 

Error starting ApplicationContext. To display the condition evaluation report re-run your application with 'debug' enabled.
2026-03-05T18:15:20.977+05:30 ERROR 10560 --- [formbuilder] [           main] o.s.b.d.LoggingFailureAnalysisReporter   : 

***************************
APPLICATION FAILED TO START
***************************

Description:

Web server failed to start. Port 8080 was already in use.

Action:

Identify and stop the process that's listening on port 8080 or configure this application to listen on another port.

